// Jest Snapshot v1, https://goo.gl/fbAQLP

exports[`Test the /v1/atms/nearest path should return 5 or less nearest atms (point is in Ukrain) 1`] = `
Array [
  Object {
    "__v": 0,
    "_id": "5a379293c9599f2a0cc162cc",
    "cityEN": "Kharkiv",
    "cityRU": "Харьков",
    "cityUA": "Харкiв",
    "fullAddressEn": "Ukraine,area Kharkivska,city Kharkiv,gatve Bursatskyi,building 4",
    "fullAddressRu": "Украина,область Харьковская,город Харьков,спуск Бурсацкий,дом 4",
    "fullAddressUa": "Украiна,область Харкiвська,мiсто Харкiв,узвiз Бурсацький,будинок 4",
    "hash": "394a4a28f290e5b7eb3bd606e262beaeaac3c16c",
    "latitude": 49.994026,
    "longitude": 36.229091,
    "placeRu": "Академия культуры",
    "placeUa": "",
    "tw": Object {
      "fri": "09:00 - 14:30",
      "hol": "00:00 - 00:00",
      "mon": "09:00 - 15:00",
      "sat": "00:00 - 00:00",
      "sun": "00:00 - 00:00",
      "thu": "09:00 - 15:00",
      "tue": "09:00 - 15:00",
      "wed": "09:00 - 15:00",
    },
    "type": "ATM",
  },
  Object {
    "__v": 0,
    "_id": "5a379293c9599f2a0cc16169",
    "cityEN": "Derhachi",
    "cityRU": "Дергачи",
    "cityUA": "Дергачi",
    "fullAddressEn": "Ukraine,area Kharkivska,district Derhachivskyi,city Derhachi,street Voroshylova,building 8",
    "fullAddressRu": "Украина,область Харьковская,район Дергачевский,город Дергачи,улица Ворошилова,дом 8",
    "fullAddressUa": "Украiна,область Харкiвська,район Дергачiвський,мiсто Дергачi,вулиця Ворошилова,будинок 8",
    "hash": "ce0624db4edd177f96bf3058ee6b08e53390f583",
    "latitude": 50.1261,
    "longitude": 36.104504,
    "placeRu": "Отделение Банка",
    "placeUa": "Вiддiлення банку",
    "tw": Object {
      "fri": "00:00 - 23:59",
      "hol": "00:00 - 23:59",
      "mon": "00:00 - 23:59",
      "sat": "00:00 - 23:59",
      "sun": "00:00 - 23:59",
      "thu": "00:00 - 23:59",
      "tue": "00:00 - 23:59",
      "wed": "00:00 - 23:59",
    },
    "type": "ATM",
  },
  Object {
    "__v": 0,
    "_id": "5a379293c9599f2a0cc162e4",
    "cityEN": "Kharkiv",
    "cityRU": "Харьков",
    "cityUA": "Харкiв",
    "fullAddressEn": "Ukraine,area Kharkivska,city Kharkiv,building 10",
    "fullAddressRu": "Украина,область Харьковская,город Харьков,улица Сумская,дом 10",
    "fullAddressUa": "Украiна,область Харкiвська,мiсто Харкiв,вулиця Сумська,будинок 10",
    "hash": "2cdcca6162b6df9efe399cf69dc3e2e922a4c9ca",
    "latitude": 49.994466,
    "longitude": 36.233116,
    "placeRu": "ТРЦ Аве Плаза",
    "placeUa": "",
    "tw": Object {
      "fri": "10:00 - 21:00",
      "hol": "11:00 - 19:00",
      "mon": "10:00 - 21:00",
      "sat": "10:00 - 21:00",
      "sun": "10:00 - 21:00",
      "thu": "10:00 - 21:00",
      "tue": "10:00 - 21:00",
      "wed": "10:00 - 21:00",
    },
    "type": "ATM",
  },
  Object {
    "__v": 0,
    "_id": "5a379293c9599f2a0cc16131",
    "cityEN": "Bezliudivka",
    "cityRU": "Безлюдовка",
    "cityUA": "Безлюдiвка",
    "fullAddressEn": "Ukraine,area Kharkivska,district Kharkivskyi,settlement Bezliudivka,building 70a",
    "fullAddressRu": "Украина,область Харьковская,район Харьковский,пгт Безлюдовка,улица Змеевская,дом 70а",
    "fullAddressUa": "Украiна,область Харкiвська,район Харкiвський,смт Безлюдiвка,вулиця Змiiвська,будинок 70а",
    "hash": "174da69de56f10cbbc30cdaba1263365a63551a7",
    "latitude": 49.874041,
    "longitude": 36.297047,
    "placeRu": "Магазин",
    "placeUa": "Магазин",
    "tw": Object {
      "fri": "08:00 - 18:00",
      "hol": "00:00 - 00:00",
      "mon": "08:00 - 18:00",
      "sat": "08:00 - 18:00",
      "sun": "09:00 - 14:00",
      "thu": "08:00 - 18:00",
      "tue": "08:00 - 18:00",
      "wed": "08:00 - 18:00",
    },
    "type": "ATM",
  },
]
`;

exports[`Test the /v1/atms/nearest path should return 5 or less nearest atms 1 (point is not in Ukrain) 1`] = `
Array [
  Object {
    "__v": 0,
    "_id": "5a379293c9599f2a0cc15fab",
    "cityEN": "Kryvyi Rih",
    "cityRU": "Кривой Рог",
    "cityUA": "Кривий Рiг",
    "fullAddressEn": "Ukraine,area Dnipropetrovska,city Kryvyi Rih,street Admyrala Holovka,building 40",
    "fullAddressRu": "Украина,область Днепропетровская,город Кривой Рог,улица Адмирала Головко,дом 40",
    "fullAddressUa": "Украiна,область Днiпропетровська,мiсто Кривий Рiг,вулиця Адмирала Головка,будинок 40",
    "hash": "80eb132866329034686cd57f9e07b14a8864f4a1",
    "latitude": 48.14323,
    "longitude": 33.59506,
    "placeRu": "Отделение банка",
    "placeUa": "Вiддiлення банку",
    "tw": Object {
      "fri": "00:00 - 23:59",
      "hol": "00:00 - 23:59",
      "mon": "00:00 - 23:59",
      "sat": "00:00 - 23:59",
      "sun": "00:00 - 23:59",
      "thu": "00:00 - 23:59",
      "tue": "00:00 - 23:59",
      "wed": "00:00 - 23:59",
    },
    "type": "ATM",
  },
  Object {
    "__v": 0,
    "_id": "5a379293c9599f2a0cc15fca",
    "cityEN": "Pavlohrad",
    "cityRU": "Павлоград",
    "cityUA": "Павлоград",
    "fullAddressEn": "Ukraine,area Dnipropetrovska,district Pavlohradskyi,city Pavlohrad,street Lenina,building 93",
    "fullAddressRu": "Украина,область Днепропетровская,район Павлоградский,город Павлоград,улица Ленина,дом 93",
    "fullAddressUa": "Украiна,область Днiпропетровська,район Павлоградський,мiсто Павлоград,вулиця Ленiна,будинок 93",
    "hash": "e0dc60b86e545a31e27612c3953dbdd513529802",
    "latitude": 48.532526,
    "longitude": 35.869675,
    "placeRu": "Магазин \\"Мясной\\"",
    "placeUa": "Магазин \\"М\`ясний\\"",
    "tw": Object {
      "fri": "10:00 - 18:00",
      "hol": "00:00 - 00:00",
      "mon": "10:00 - 18:00",
      "sat": "10:00 - 17:00",
      "sun": "00:00 - 00:00",
      "thu": "10:00 - 18:00",
      "tue": "10:00 - 18:00",
      "wed": "10:00 - 18:00",
    },
    "type": "ATM",
  },
  Object {
    "__v": 0,
    "_id": "5a379292c9599f2a0cc15e08",
    "cityEN": "",
    "cityRU": "Новопавловка",
    "cityUA": "Новопавлiвка",
    "fullAddressEn": "",
    "fullAddressRu": "Украина,область Днепропетровская,район Межевский,село Новопавловка,улица Академика Карпинского,дом 15",
    "fullAddressUa": "Украiна,область Днiпропетровська,район Межiвський,село Новопавлiвка,вулиця Академiка Карпинського,будинок 15",
    "hash": "9acc484c581a9eed2c9a1886806180974d1daf7d",
    "latitude": 48.137065,
    "longitude": 36.788996,
    "placeRu": "Магазин",
    "placeUa": " Магазин",
    "tw": Object {
      "fri": "08:00 - 21:00",
      "hol": "08:00 - 21:00",
      "mon": "08:00 - 21:00",
      "sat": "08:00 - 21:00",
      "sun": "08:00 - 21:00",
      "thu": "08:00 - 21:00",
      "tue": "08:00 - 21:00",
      "wed": "08:00 - 21:00",
    },
    "type": "ATM",
  },
  Object {
    "__v": 0,
    "_id": "5a379295c9599f2a0cc16c4b",
    "cityEN": "Izmail",
    "cityRU": "Измаил",
    "cityUA": "Iзмаiл",
    "fullAddressEn": "Ukraine,area Odeska,district Izmailskyi,city Izmail,street Nakhimova,building 403",
    "fullAddressRu": "Украина,область Одесская,район Измаильский,город Измаил,улица Нахимова,дом 403",
    "fullAddressUa": "Украiна,область Одеська,район Iзмаiльський,мiсто Iзмаiл,вулиця Нахiмова,будинок 403",
    "hash": "6f82b8f2eaa70c82c6d02a3b59a534a0807829ae",
    "latitude": 45.315015,
    "longitude": 28.883486,
    "placeRu": "Отделение банка",
    "placeUa": "вiддiлення банку",
    "tw": Object {
      "fri": "00:00 - 23:59",
      "hol": "00:00 - 23:59",
      "mon": "00:00 - 23:59",
      "sat": "00:00 - 23:59",
      "sun": "00:00 - 23:59",
      "thu": "00:00 - 23:59",
      "tue": "00:00 - 23:59",
      "wed": "00:00 - 23:59",
    },
    "type": "ATM",
  },
]
`;
