// Jest Snapshot v1, https://goo.gl/fbAQLP

exports[`Test the /v1/atms/nearest path should return 5 or less nearest atms (point is in Ukrain) 1`] = `
Array [
  Object {
    "__v": 0,
    "cityEN": "Kharkiv",
    "cityRU": "Харьков",
    "cityUA": "Харкiв",
    "fullAddressEn": "Ukraine,area Kharkivska,city Kharkiv,square Konstytutsii,building 21/2",
    "fullAddressRu": "Украина,область Харьковская,город Харьков,площадь Конституции,дом 21/2",
    "fullAddressUa": "Украiна,область Харкiвська,мiсто Харкiв,площа Конституцii,будинок 21/2",
    "hash": "785cbc92f5dd3f7090b15d9dc08e7313625861fc",
    "latitude": 49.993631,
    "longitude": 36.230665,
    "placeRu": "Отделение Банка",
    "placeUa": "Вiддiлення банку",
    "tw": Object {
      "fri": "00:00 - 23:59",
      "hol": "00:00 - 23:59",
      "mon": "00:00 - 23:59",
      "sat": "00:00 - 23:59",
      "sun": "00:00 - 23:59",
      "thu": "00:00 - 23:59",
      "tue": "00:00 - 23:59",
      "wed": "00:00 - 23:59",
    },
    "type": "ATM",
  },
  Object {
    "__v": 0,
    "cityEN": "Kharkiv",
    "cityRU": "Харьков",
    "cityUA": "Харкiв",
    "fullAddressEn": "Ukraine,area Kharkivska,city Kharkiv,gatve Bursatskyi,building 4",
    "fullAddressRu": "Украина,область Харьковская,город Харьков,спуск Бурсацкий,дом 4",
    "fullAddressUa": "Украiна,область Харкiвська,мiсто Харкiв,узвiз Бурсацький,будинок 4",
    "hash": "394a4a28f290e5b7eb3bd606e262beaeaac3c16c",
    "latitude": 49.994026,
    "longitude": 36.229091,
    "placeRu": "Академия культуры",
    "placeUa": "",
    "tw": Object {
      "fri": "09:00 - 14:30",
      "hol": "00:00 - 00:00",
      "mon": "09:00 - 15:00",
      "sat": "00:00 - 00:00",
      "sun": "00:00 - 00:00",
      "thu": "09:00 - 15:00",
      "tue": "09:00 - 15:00",
      "wed": "09:00 - 15:00",
    },
    "type": "ATM",
  },
  Object {
    "__v": 0,
    "cityEN": "Kharkiv",
    "cityRU": "Харьков",
    "cityUA": "Харкiв",
    "fullAddressEn": "Ukraine,area Kharkivska,city Kharkiv,square Konstytutsii,building 11/13",
    "fullAddressRu": "Украина,область Харьковская,город Харьков,площадь Конституции,дом 11/13",
    "fullAddressUa": "Украiна,область Харкiвська,мiсто Харкiв,площа Конституцii,будинок 11/13",
    "hash": "ee75a32f279c4c788ab5366720028981eb3a1353",
    "latitude": 49.991486,
    "longitude": 36.231739,
    "placeRu": "Университет искусств, кафе",
    "placeUa": "Iнстiтут мистецтв",
    "tw": Object {
      "fri": "09:00 - 19:00",
      "hol": "00:00 - 00:00",
      "mon": "09:00 - 19:00",
      "sat": "09:00 - 18:00",
      "sun": "09:00 - 18:00",
      "thu": "09:00 - 19:00",
      "tue": "09:00 - 19:00",
      "wed": "09:00 - 19:00",
    },
    "type": "ATM",
  },
  Object {
    "__v": 0,
    "cityEN": "Kharkiv",
    "cityRU": "Харьков",
    "cityUA": "Харкiв",
    "fullAddressEn": "Ukraine,area Kharkivska,city Kharkiv,street Donets-Zakharzhevskoho,building 6/8",
    "fullAddressRu": "Украина,область Харьковская,город Харьков,улица Донец-Захаржевского,дом 6/8",
    "fullAddressUa": "Украiна,область Харкiвська,мiсто Харкiв,вулиця Донець-Захаржевського,будинок 6/8",
    "hash": "e54f2e3a11460292972a64bc0e97389f4929901a",
    "latitude": 49.993426,
    "longitude": 36.23306,
    "placeRu": "Отделение Банка",
    "placeUa": "",
    "tw": Object {
      "fri": "00:00 - 23:59",
      "hol": "00:00 - 23:59",
      "mon": "00:00 - 23:59",
      "sat": "00:00 - 23:59",
      "sun": "00:00 - 23:59",
      "thu": "00:00 - 23:59",
      "tue": "00:00 - 23:59",
      "wed": "00:00 - 23:59",
    },
    "type": "ATM",
  },
]
`;

exports[`Test the /v1/atms/nearest path should return 5 or less nearest atms 1 (point is not in Ukrain) 1`] = `
Array [
  Object {
    "__v": 0,
    "cityEN": "Izmail",
    "cityRU": "Измаил",
    "cityUA": "Iзмаiл",
    "fullAddressEn": "Ukraine,area Odeska,district Izmailskyi,city Izmail,street Nakhimova,building 403",
    "fullAddressRu": "Украина,область Одесская,район Измаильский,город Измаил,улица Нахимова,дом 403",
    "fullAddressUa": "Украiна,область Одеська,район Iзмаiльський,мiсто Iзмаiл,вулиця Нахiмова,будинок 403",
    "hash": "6f82b8f2eaa70c82c6d02a3b59a534a0807829ae",
    "latitude": 45.315015,
    "longitude": 28.883486,
    "placeRu": "Отделение банка",
    "placeUa": "вiддiлення банку",
    "tw": Object {
      "fri": "00:00 - 23:59",
      "hol": "00:00 - 23:59",
      "mon": "00:00 - 23:59",
      "sat": "00:00 - 23:59",
      "sun": "00:00 - 23:59",
      "thu": "00:00 - 23:59",
      "tue": "00:00 - 23:59",
      "wed": "00:00 - 23:59",
    },
    "type": "ATM",
  },
  Object {
    "__v": 0,
    "cityEN": "Izmail",
    "cityRU": "Измаил",
    "cityUA": "Iзмаiл",
    "fullAddressEn": "Ukraine,area Odeska,district Izmailskyi,city Izmail,street Chkalova,building 38",
    "fullAddressRu": "Украина,область Одесская,район Измаильский,город Измаил,улица Чкалова,дом 38",
    "fullAddressUa": "Украiна,область Одеська,район Iзмаiльський,мiсто Iзмаiл,вулиця Чкалова,будинок 38",
    "hash": "9213a6a179fd39361b87ba9052404748e83606f3",
    "latitude": 45.338153,
    "longitude": 28.841089,
    "placeRu": "Воинская часть",
    "placeUa": "Вiйськова частина",
    "tw": Object {
      "fri": "08:00 - 20:00",
      "hol": "08:00 - 20:00",
      "mon": "08:00 - 20:00",
      "sat": "08:00 - 20:00",
      "sun": "08:00 - 20:00",
      "thu": "08:00 - 20:00",
      "tue": "08:00 - 20:00",
      "wed": "08:00 - 20:00",
    },
    "type": "ATM",
  },
  Object {
    "__v": 0,
    "cityEN": "Izmail",
    "cityRU": "Измаил",
    "cityUA": "Iзмаiл",
    "fullAddressEn": "Ukraine,area Odeska,district Izmailskyi,city Izmail,street Pushkina,building 55",
    "fullAddressRu": "Украина,область Одесская,район Измаильский,город Измаил,улица Пушкина,дом 55",
    "fullAddressUa": "Украiна,область Одеська,район Iзмаiльський,мiсто Iзмаiл,вулиця Пушкiна,будинок 55",
    "hash": "c60dbbfefb584d78e435a5229643fcbbdd9a1cc8",
    "latitude": 45.341886,
    "longitude": 28.842958,
    "placeRu": "Торговый Дом \\"Пушкинский\\"",
    "placeUa": "Торговий Дiм \\"Пушкiнський\\"",
    "tw": Object {
      "fri": "08:00 - 16:00",
      "hol": "00:00 - 00:00",
      "mon": "00:00 - 00:00",
      "sat": "08:00 - 16:00",
      "sun": "00:00 - 00:00",
      "thu": "08:00 - 16:00",
      "tue": "08:00 - 16:00",
      "wed": "08:00 - 16:00",
    },
    "type": "ATM",
  },
  Object {
    "__v": 0,
    "cityEN": "Izmail",
    "cityRU": "Измаил",
    "cityUA": "Iзмаiл",
    "fullAddressEn": "Ukraine,area Odeska,district Izmailskyi,city Izmail,street Komsomolska,building 42a",
    "fullAddressRu": "Украина,область Одесская,район Измаильский,город Измаил,улица Комсомольская,дом 42а",
    "fullAddressUa": "Украiна,область Одеська,район Iзмаiльський,мiсто Iзмаiл,вулиця Комсомольська,будинок 42а",
    "hash": "ad982a194660af3e9689daa7ceec78f492f59f75",
    "latitude": 45.341675,
    "longitude": 28.836058,
    "placeRu": "Магазин \\"Центр\\"",
    "placeUa": "Магазин \\"Центр\\"",
    "tw": Object {
      "fri": "08:00 - 20:00",
      "hol": "08:00 - 20:00",
      "mon": "08:00 - 20:00",
      "sat": "08:00 - 20:00",
      "sun": "08:00 - 20:00",
      "thu": "08:00 - 20:00",
      "tue": "08:00 - 20:00",
      "wed": "08:00 - 20:00",
    },
    "type": "ATM",
  },
]
`;
