// Jest Snapshot v1, https://goo.gl/fbAQLP

exports[`Test the /v1/users/:id path should delete user by id 1`] = `"User was deleted"`;

exports[`Test the /v1/users/:id path should not delete user, because user id is invalid 1`] = `
Object {
  "code": 400,
  "message": "RequestValidationError(400): \\"id\\" must only contain hexadecimal characters",
  "name": "RequestValidationError",
}
`;

exports[`Test the /v1/users/:id path should not delete user, because user token is not have enough permissions 1`] = `
Object {
  "code": 403,
  "message": "PermissionsError(403): Access was denied. Not enough permissions.",
  "name": "PermissionsError",
}
`;

exports[`Test the /v1/users/:id path should not delete user, because user token is not valid 1`] = `
Object {
  "code": 401,
  "message": "AuthorizationError(401): Invalid token, please repeat authentication.",
  "name": "AuthorizationError",
}
`;
