// Jest Snapshot v1, https://goo.gl/fbAQLP

exports[`Test the /v1/users/:id path should not return user in response on GET method, because user id is invalid 1`] = `
Object {
  "code": 400,
  "message": "RequestValidationError(400): \\"id\\" must only contain hexadecimal characters",
  "messages": Array [
    "RequestValidationError(400): \\"id\\" must only contain hexadecimal characters",
  ],
  "name": "RequestValidationError",
}
`;

exports[`Test the /v1/users/:id path should not return user in response on GET method, because user token is not valid 1`] = `
Object {
  "auth": false,
  "code": 401,
  "message": "TokenValidationError(401): Invalid token, please repeat authentication.",
  "messages": Array [
    "TokenValidationError(401): Invalid token, please repeat authentication.",
  ],
  "name": "TokenValidationError",
}
`;
