// Jest Snapshot v1, https://goo.gl/fbAQLP

exports[`Test inherit for BaseHttpErrors should check adding of messages 1`] = `[Error: TestError(500): test message. First dditiuonal test message of error. Second dditiuonal test message of error.]`;

exports[`Test inherit for BaseHttpErrors should return response object 1`] = `
Object {
  "code": 500,
  "message": "TestError(500): test message.",
  "messages": Array [
    "TestError(500): test message.",
  ],
  "name": "TestError",
  "testResposeField": "test text of field",
}
`;
