// Jest Snapshot v1, https://goo.gl/fbAQLP

exports[`Test the /v1/myprofile/changepassword path should not change password because newPassword less than 6 symbols 1`] = `"\\"newPassword\\" length must be at least 6 characters long"`;

exports[`Test the /v1/myprofile/changepassword path should not change password for user, because password is wrong 1`] = `"Password is wrong"`;

exports[`Test the /v1/myprofile/changepassword path should not change password for user, because tokken is wrong 1`] = `"Invalid token, please repeat authentication."`;
