// Jest Snapshot v1, https://goo.gl/fbAQLP

exports[`Test the "/v1/geolocation/:location" path should return error because address more than 300 symbols 1`] = `
Object {
  "code": 400,
  "message": "RequestValidationError(400): \\"address\\" length must be less than or equal to 300 characters long",
  "messages": Array [
    "RequestValidationError(400): \\"address\\" length must be less than or equal to 300 characters long",
  ],
  "name": "RequestValidationError",
}
`;
